// Jest Snapshot v1, https://goo.gl/fbAQLP

exports[`<Cell /> Cell rendering with store without crashing 1`] = `
<CellSub
  color=""
  dispatch={[Function]}
  store={
    Object {
      "clearActions": [Function],
      "dispatch": [Function],
      "getActions": [Function],
      "getState": [Function],
      "replaceReducer": [Function],
      "subscribe": [Function],
    }
  }
/>
`;
